  [1m[35m (1508.7ms)[0m  [1m[35mCREATE DATABASE "arkham_development" ENCODING = 'unicode'[0m
  [1m[35m (785.1ms)[0m  [1m[35mCREATE DATABASE "arkham_test" ENCODING = 'unicode'[0m
  [1m[35m (109.7ms)[0m  [1m[35mCREATE TABLE "schema_migrations" ("version" character varying NOT NULL PRIMARY KEY)[0m
  [1m[35m (117.8ms)[0m  [1m[35mCREATE TABLE "ar_internal_metadata" ("key" character varying NOT NULL PRIMARY KEY, "value" character varying, "created_at" timestamp(6) NOT NULL, "updated_at" timestamp(6) NOT NULL)[0m
  [1m[35m (0.7ms)[0m  [1m[34mSELECT pg_try_advisory_lock(4843146368313939210)[0m
  [1m[35m (1.5ms)[0m  [1m[34mSELECT "schema_migrations"."version" FROM "schema_migrations" ORDER BY "schema_migrations"."version" ASC[0m
Migrating to EnableUuid (20200403180308)
  [1m[35m (0.4ms)[0m  [1m[35mBEGIN[0m
  [1m[35mSQL (63.9ms)[0m  [1m[35mCREATE EXTENSION IF NOT EXISTS "pgcrypto"[0m
  [1m[36mprimary::SchemaMigration Create (1.5ms)[0m  [1m[32mINSERT INTO "schema_migrations" ("version") VALUES ($1) RETURNING "version"[0m  [["version", "20200403180308"]]
  [1m[35m (13.4ms)[0m  [1m[35mCOMMIT[0m
Migrating to CreatePatients (20200403195550)
  [1m[35m (0.6ms)[0m  [1m[35mBEGIN[0m
  [1m[35m (69.8ms)[0m  [1m[35mCREATE TABLE "patients" ("id" uuid DEFAULT gen_random_uuid() NOT NULL PRIMARY KEY, "name" character varying, "diagnosis" text, "sus" character varying, "rg" character varying, "cpf" character varying, "admission_date" date, "birth_date" date, "created_at" timestamp(6) NOT NULL, "updated_at" timestamp(6) NOT NULL)[0m
  [1m[36mprimary::SchemaMigration Create (1.2ms)[0m  [1m[32mINSERT INTO "schema_migrations" ("version") VALUES ($1) RETURNING "version"[0m  [["version", "20200403195550"]]
  [1m[35m (17.6ms)[0m  [1m[35mCOMMIT[0m
Migrating to AddPhotoUrlToPatients (20200403203930)
  [1m[35m (0.8ms)[0m  [1m[35mBEGIN[0m
  [1m[35m (12.5ms)[0m  [1m[35mALTER TABLE "patients" ADD "photo_url" character varying[0m
  [1m[36mprimary::SchemaMigration Create (1.1ms)[0m  [1m[32mINSERT INTO "schema_migrations" ("version") VALUES ($1) RETURNING "version"[0m  [["version", "20200403203930"]]
  [1m[35m (18.1ms)[0m  [1m[35mCOMMIT[0m
Migrating to CreateMedicaments (20200403205757)
  [1m[35m (0.7ms)[0m  [1m[35mBEGIN[0m
  [1m[35m (78.7ms)[0m  [1m[35mCREATE TABLE "medicaments" ("id" uuid DEFAULT gen_random_uuid() NOT NULL PRIMARY KEY, "name" character varying, "created_at" timestamp(6) NOT NULL, "updated_at" timestamp(6) NOT NULL)[0m
  [1m[36mprimary::SchemaMigration Create (1.2ms)[0m  [1m[32mINSERT INTO "schema_migrations" ("version") VALUES ($1) RETURNING "version"[0m  [["version", "20200403205757"]]
  [1m[35m (17.8ms)[0m  [1m[35mCOMMIT[0m
Migrating to AddFullNameToMedicaments (20200403210226)
  [1m[35m (0.9ms)[0m  [1m[35mBEGIN[0m
  [1m[35m (1.2ms)[0m  [1m[35mALTER TABLE "medicaments" ADD "fullname" character varying[0m
  [1m[36mprimary::SchemaMigration Create (1.0ms)[0m  [1m[32mINSERT INTO "schema_migrations" ("version") VALUES ($1) RETURNING "version"[0m  [["version", "20200403210226"]]
  [1m[35m (5.0ms)[0m  [1m[35mCOMMIT[0m
Migrating to CreateMedicamentManagements (20200403212948)
  [1m[35m (0.8ms)[0m  [1m[35mBEGIN[0m
  [1m[35m (65.2ms)[0m  [1m[35mCREATE TABLE "medicament_managements" ("id" uuid DEFAULT gen_random_uuid() NOT NULL PRIMARY KEY, "medicament_id" uuid NOT NULL, "patient_id" uuid NOT NULL, "quantity" integer, "unit_quantity" character varying, "via" character varying, "description" text, "created_at" timestamp(6) NOT NULL, "updated_at" timestamp(6) NOT NULL)[0m
  [1m[36mprimary::SchemaMigration Create (1.3ms)[0m  [1m[32mINSERT INTO "schema_migrations" ("version") VALUES ($1) RETURNING "version"[0m  [["version", "20200403212948"]]
  [1m[35m (24.1ms)[0m  [1m[35mCOMMIT[0m
  [1m[36mActiveRecord::InternalMetadata Load (1.6ms)[0m  [1m[34mSELECT "ar_internal_metadata".* FROM "ar_internal_metadata" WHERE "ar_internal_metadata"."key" = $1 LIMIT $2[0m  [["key", "environment"], ["LIMIT", 1]]
  [1m[35m (0.5ms)[0m  [1m[35mBEGIN[0m
  [1m[36mActiveRecord::InternalMetadata Create (0.9ms)[0m  [1m[32mINSERT INTO "ar_internal_metadata" ("key", "value", "created_at", "updated_at") VALUES ($1, $2, $3, $4) RETURNING "key"[0m  [["key", "environment"], ["value", "development"], ["created_at", "2020-05-10 21:16:31.759321"], ["updated_at", "2020-05-10 21:16:31.759321"]]
  [1m[35m (17.9ms)[0m  [1m[35mCOMMIT[0m
  [1m[35m (0.5ms)[0m  [1m[34mSELECT pg_advisory_unlock(4843146368313939210)[0m
  [1m[35m (1.0ms)[0m  [1m[34mSELECT "schema_migrations"."version" FROM "schema_migrations" ORDER BY "schema_migrations"."version" ASC[0m
  [1m[35m (0.3ms)[0m  [1m[34mSELECT pg_try_advisory_lock(4843146368313939210)[0m
  [1m[35m (0.7ms)[0m  [1m[34mSELECT "schema_migrations"."version" FROM "schema_migrations" ORDER BY "schema_migrations"."version" ASC[0m
  [1m[36mActiveRecord::InternalMetadata Load (0.5ms)[0m  [1m[34mSELECT "ar_internal_metadata".* FROM "ar_internal_metadata" WHERE "ar_internal_metadata"."key" = $1 LIMIT $2[0m  [["key", "environment"], ["LIMIT", 1]]
  [1m[35m (0.4ms)[0m  [1m[34mSELECT pg_advisory_unlock(4843146368313939210)[0m
  [1m[35m (0.5ms)[0m  [1m[34mSELECT "schema_migrations"."version" FROM "schema_migrations" ORDER BY "schema_migrations"."version" ASC[0m
